# Simple test of breadth-first search algorithm.
# Verifies output of BFS for size 1 graph.

created graph characters
added node HAWK to characters

path from HAWK to HAWK: