# Simple test of breadth-first search algorithm.
# Verifies output of BFS for size 0 graph.

created graph characters

unknown character GORILLA-MAN
unknown character VENUS-II