Menu:
r to find a route
b to see a list of all buildings
q to quit

Enter an option ('m' to see the menu): # Verify that the program can respond to unknown commands.
Unknown option

Enter an option ('m' to see the menu):
