# Tests adding edges to nodes not present in graph. 

# Create a graph
created graph graph1

# Add 9 nodes
added node n1 to graph1
added node n2 to graph1
added node n3 to graph1
added node n4 to graph1
added node n5 to graph1
added node n6 to graph1
added node n7 to graph1
added node n8 to graph1
added node n9 to graph1

# connects nodes not in graph
nodes are not present in graph