# Tests that a graph can be created, and 9 nodes
# can be added to the graph. 

# Create a graph
created graph graph1

# Add 9 nodes
added node n1 to graph1
added node n2 to graph1
added node n3 to graph1
added node n4 to graph1
added node n5 to graph1
added node n6 to graph1
added node n7 to graph1
added node n8 to graph1
added node n9 to graph1

# Print the nodes in the graph
graph1 contains: n1 n2 n3 n4 n5 n6 n7 n8 n9