# Tests that a new graph can be created, and
# no nodes are listed for an empty graph.

# Create a graph
created graph graph1

# Print the nodes in the graph
graph1 contains: