# Tests listing children of null graph

# list children of null graph
g1 has not been created