# Tests that a graph can be created, 9 nodes
# can be added to the graph, and that 
# none of these nodes have children.

# Create a graph
created graph graph1

# Add 9 nodes
added node n1 to graph1
added node n2 to graph1
added node n3 to graph1
added node n4 to graph1
added node n5 to graph1
added node n6 to graph1
added node n7 to graph1
added node n8 to graph1
added node n9 to graph1

# List children of disconnected nodes
the children of n1 in graph1 are:
the children of n2 in graph1 are:
the children of n3 in graph1 are:
the children of n4 in graph1 are:
the children of n5 in graph1 are:
the children of n6 in graph1 are:
the children of n7 in graph1 are:
the children of n8 in graph1 are:
the children of n9 in graph1 are: