# Simple test of Djikstra's algorithm.
# Verifies output of DJK for size 0 graph.

created graph g

unknown character a
unknown character b