# Simple test of Djikstra's algorithm.
# Verifies output of DJK for size 2 graph.

created graph g

added node a to g
added node b to g

path from a to b:
no path found